/home/methane/work/python/cpython-gc/jit-artifacts/pyperformance-gil-pgo-lto-20260917/controller/bin/python -m pyperf check /home/methane/work/python/cpython-gc/jit-artifacts/method-only-m56b-full/gil-pgo-lto/main.json
2to3
----

Benchmark was run more times than necessary to get a stable result.
Consider passing processes=2 to the Runner constructor to save time.

many_optionals
--------------

WARNING: the benchmark result may be unstable
* Not enough samples to get a stable result (95% certainly of less than 1% variation)

Try to rerun the benchmark with more runs, values and/or loops.
Run 'python -m pyperf system tune' command to reduce the system jitter.
Use pyperf stats, pyperf dump and pyperf hist to analyze results.
Use --quiet option to hide these warnings.

subparsers
----------

WARNING: the benchmark result may be unstable
* Not enough samples to get a stable result (95% certainly of less than 1% variation)

Try to rerun the benchmark with more runs, values and/or loops.
Run 'python -m pyperf system tune' command to reduce the system jitter.
Use pyperf stats, pyperf dump and pyperf hist to analyze results.
Use --quiet option to hide these warnings.

async_generators
----------------

Benchmark was run more times than necessary to get a stable result.
Consider passing processes=2 to the Runner constructor to save time.

async_tree_none
---------------

Benchmark was run more times than necessary to get a stable result.
Consider passing processes=3 to the Runner constructor to save time.

async_tree_cpu_io_mixed
-----------------------

WARNING: the benchmark result may be unstable
* Not enough samples to get a stable result (95% certainly of less than 1% variation)

Try to rerun the benchmark with more runs, values and/or loops.
Run 'python -m pyperf system tune' command to reduce the system jitter.
Use pyperf stats, pyperf dump and pyperf hist to analyze results.
Use --quiet option to hide these warnings.

async_tree_eager
----------------

WARNING: the benchmark result may be unstable
* Not enough samples to get a stable result (95% certainly of less than 1% variation)

Try to rerun the benchmark with more runs, values and/or loops.
Run 'python -m pyperf system tune' command to reduce the system jitter.
Use pyperf stats, pyperf dump and pyperf hist to analyze results.
Use --quiet option to hide these warnings.

async_tree_eager_cpu_io_mixed_tg
--------------------------------

Benchmark was run more times than necessary to get a stable result.
Consider passing processes=1 to the Runner constructor to save time.

async_tree_eager_io
-------------------

Benchmark was run more times than necessary to get a stable result.
Consider passing processes=1 to the Runner constructor to save time.

async_tree_eager_io_tg
----------------------

Benchmark was run more times than necessary to get a stable result.
Consider passing processes=4 to the Runner constructor to save time.

async_tree_eager_memoization
----------------------------

Benchmark was run more times than necessary to get a stable result.
Consider passing processes=1 to the Runner constructor to save time.

async_tree_eager_memoization_tg
-------------------------------

Benchmark was run more times than necessary to get a stable result.
Consider passing processes=2 to the Runner constructor to save time.

async_tree_eager_tg
-------------------

Benchmark was run more times than necessary to get a stable result.
Consider passing processes=1 to the Runner constructor to save time.

async_tree_io
-------------

WARNING: the benchmark result may be unstable
* Not enough samples to get a stable result (95% certainly of less than 1% variation)

Try to rerun the benchmark with more runs, values and/or loops.
Run 'python -m pyperf system tune' command to reduce the system jitter.
Use pyperf stats, pyperf dump and pyperf hist to analyze results.
Use --quiet option to hide these warnings.

async_tree_io_tg
----------------

WARNING: the benchmark result may be unstable
* Not enough samples to get a stable result (95% certainly of less than 1% variation)

Try to rerun the benchmark with more runs, values and/or loops.
Run 'python -m pyperf system tune' command to reduce the system jitter.
Use pyperf stats, pyperf dump and pyperf hist to analyze results.
Use --quiet option to hide these warnings.

async_tree_memoization_tg
-------------------------

Benchmark was run more times than necessary to get a stable result.
Consider passing processes=1 to the Runner constructor to save time.

async_tree_none_tg
------------------

Benchmark was run more times than necessary to get a stable result.
Consider passing processes=1 to the Runner constructor to save time.

asyncio_tcp
-----------

WARNING: the benchmark result may be unstable
* Not enough samples to get a stable result (95% certainly of less than 1% variation)

Try to rerun the benchmark with more runs, values and/or loops.
Run 'python -m pyperf system tune' command to reduce the system jitter.
Use pyperf stats, pyperf dump and pyperf hist to analyze results.
Use --quiet option to hide these warnings.

asyncio_tcp_ssl
---------------

WARNING: the benchmark result may be unstable
* Not enough samples to get a stable result (95% certainly of less than 1% variation)

Try to rerun the benchmark with more runs, values and/or loops.
Run 'python -m pyperf system tune' command to reduce the system jitter.
Use pyperf stats, pyperf dump and pyperf hist to analyze results.
Use --quiet option to hide these warnings.

asyncio_websockets
------------------

Benchmark was run more times than necessary to get a stable result.
Consider passing processes=1 to the Runner constructor to save time.

base64_small
------------

Benchmark was run more times than necessary to get a stable result.
Consider passing processes=1 to the Runner constructor to save time.

base64_large
------------

Benchmark was run more times than necessary to get a stable result.
Consider passing processes=1 to the Runner constructor to save time.

urlsafe_base64_small
--------------------

Benchmark was run more times than necessary to get a stable result.
Consider passing processes=1 to the Runner constructor to save time.

base32_small
------------

Benchmark was run more times than necessary to get a stable result.
Consider passing processes=2 to the Runner constructor to save time.

base32_large
------------

Benchmark was run more times than necessary to get a stable result.
Consider passing processes=1 to the Runner constructor to save time.

base16_small
------------

Benchmark was run more times than necessary to get a stable result.
Consider passing processes=2 to the Runner constructor to save time.

base16_large
------------

Benchmark was run more times than necessary to get a stable result.
Consider passing processes=2 to the Runner constructor to save time.

ascii85_small
-------------

Benchmark was run more times than necessary to get a stable result.
Consider passing processes=2 to the Runner constructor to save time.

ascii85_large
-------------

Benchmark was run more times than necessary to get a stable result.
Consider passing processes=1 to the Runner constructor to save time.

base85_small
------------

Benchmark was run more times than necessary to get a stable result.
Consider passing processes=1 to the Runner constructor to save time.

base85_large
------------

Benchmark was run more times than necessary to get a stable result.
Consider passing processes=1 to the Runner constructor to save time.

bpe_tokeniser
-------------

Benchmark was run more times than necessary to get a stable result.
Consider passing processes=1 to the Runner constructor to save time.

chameleon
---------

Benchmark was run more times than necessary to get a stable result.
Consider passing processes=2 to the Runner constructor to save time.

chaos
-----

WARNING: the benchmark result may be unstable
* Not enough samples to get a stable result (95% certainly of less than 1% variation)

Try to rerun the benchmark with more runs, values and/or loops.
Run 'python -m pyperf system tune' command to reduce the system jitter.
Use pyperf stats, pyperf dump and pyperf hist to analyze results.
Use --quiet option to hide these warnings.

comprehensions
--------------

Benchmark was run more times than necessary to get a stable result.
Consider passing processes=3 to the Runner constructor to save time.

bench_mp_pool
-------------

WARNING: the benchmark result may be unstable
* the standard deviation (29.1 ms) is 60% of the mean (48.2 ms)
* the minimum (17.4 ms) is 64% smaller than the mean (48.2 ms)
* the maximum (146 ms) is 203% greater than the mean (48.2 ms)

Try to rerun the benchmark with more runs, values and/or loops.
Run 'python -m pyperf system tune' command to reduce the system jitter.
Use pyperf stats, pyperf dump and pyperf hist to analyze results.
Use --quiet option to hide these warnings.

bench_thread_pool
-----------------

WARNING: the benchmark result may be unstable
* the standard deviation (171 us) is 15% of the mean (1.14 ms)

Try to rerun the benchmark with more runs, values and/or loops.
Run 'python -m pyperf system tune' command to reduce the system jitter.
Use pyperf stats, pyperf dump and pyperf hist to analyze results.
Use --quiet option to hide these warnings.

coroutines
----------

Benchmark was run more times than necessary to get a stable result.
Consider passing processes=3 to the Runner constructor to save time.

coverage
--------

Benchmark was run more times than necessary to get a stable result.
Consider passing processes=1 to the Runner constructor to save time.

crypto_pyaes
------------

WARNING: the benchmark result may be unstable
* Not enough samples to get a stable result (95% certainly of less than 1% variation)

Try to rerun the benchmark with more runs, values and/or loops.
Run 'python -m pyperf system tune' command to reduce the system jitter.
Use pyperf stats, pyperf dump and pyperf hist to analyze results.
Use --quiet option to hide these warnings.

dask
----

WARNING: the benchmark result may be unstable
* Not enough samples to get a stable result (95% certainly of less than 1% variation)

Try to rerun the benchmark with more runs, values and/or loops.
Run 'python -m pyperf system tune' command to reduce the system jitter.
Use pyperf stats, pyperf dump and pyperf hist to analyze results.
Use --quiet option to hide these warnings.

deepcopy
--------

WARNING: the benchmark result may be unstable
* Not enough samples to get a stable result (95% certainly of less than 1% variation)

Try to rerun the benchmark with more runs, values and/or loops.
Run 'python -m pyperf system tune' command to reduce the system jitter.
Use pyperf stats, pyperf dump and pyperf hist to analyze results.
Use --quiet option to hide these warnings.

deepcopy_reduce
---------------

WARNING: the benchmark result may be unstable
* Not enough samples to get a stable result (95% certainly of less than 1% variation)

Try to rerun the benchmark with more runs, values and/or loops.
Run 'python -m pyperf system tune' command to reduce the system jitter.
Use pyperf stats, pyperf dump and pyperf hist to analyze results.
Use --quiet option to hide these warnings.

deepcopy_memo
-------------

WARNING: the benchmark result may be unstable
* Not enough samples to get a stable result (95% certainly of less than 1% variation)

Try to rerun the benchmark with more runs, values and/or loops.
Run 'python -m pyperf system tune' command to reduce the system jitter.
Use pyperf stats, pyperf dump and pyperf hist to analyze results.
Use --quiet option to hide these warnings.

deltablue
---------

Benchmark was run more times than necessary to get a stable result.
Consider passing processes=3 to the Runner constructor to save time.

django_template
---------------

WARNING: the benchmark result may be unstable
* Not enough samples to get a stable result (95% certainly of less than 1% variation)

Try to rerun the benchmark with more runs, values and/or loops.
Run 'python -m pyperf system tune' command to reduce the system jitter.
Use pyperf stats, pyperf dump and pyperf hist to analyze results.
Use --quiet option to hide these warnings.

dulwich_log
-----------

WARNING: the benchmark result may be unstable
* Not enough samples to get a stable result (95% certainly of less than 1% variation)

Try to rerun the benchmark with more runs, values and/or loops.
Run 'python -m pyperf system tune' command to reduce the system jitter.
Use pyperf stats, pyperf dump and pyperf hist to analyze results.
Use --quiet option to hide these warnings.

fannkuch
--------

Benchmark was run more times than necessary to get a stable result.
Consider passing processes=1 to the Runner constructor to save time.

float
-----

Benchmark was run more times than necessary to get a stable result.
Consider passing processes=1 to the Runner constructor to save time.

create_gc_cycles
----------------

WARNING: the benchmark result may be unstable
* Not enough samples to get a stable result (95% certainly of less than 1% variation)

Try to rerun the benchmark with more runs, values and/or loops.
Run 'python -m pyperf system tune' command to reduce the system jitter.
Use pyperf stats, pyperf dump and pyperf hist to analyze results.
Use --quiet option to hide these warnings.

gc_traversal
------------

Benchmark was run more times than necessary to get a stable result.
Consider passing processes=3 to the Runner constructor to save time.

generators
----------

Benchmark was run more times than necessary to get a stable result.
Consider passing processes=4 to the Runner constructor to save time.

genshi_text
-----------

WARNING: the benchmark result may be unstable
* Not enough samples to get a stable result (95% certainly of less than 1% variation)

Try to rerun the benchmark with more runs, values and/or loops.
Run 'python -m pyperf system tune' command to reduce the system jitter.
Use pyperf stats, pyperf dump and pyperf hist to analyze results.
Use --quiet option to hide these warnings.

genshi_xml
----------

WARNING: the benchmark result may be unstable
* Not enough samples to get a stable result (95% certainly of less than 1% variation)

Try to rerun the benchmark with more runs, values and/or loops.
Run 'python -m pyperf system tune' command to reduce the system jitter.
Use pyperf stats, pyperf dump and pyperf hist to analyze results.
Use --quiet option to hide these warnings.

go
--

WARNING: the benchmark result may be unstable
* Not enough samples to get a stable result (95% certainly of less than 1% variation)

Try to rerun the benchmark with more runs, values and/or loops.
Run 'python -m pyperf system tune' command to reduce the system jitter.
Use pyperf stats, pyperf dump and pyperf hist to analyze results.
Use --quiet option to hide these warnings.

hexiom
------

Benchmark was run more times than necessary to get a stable result.
Consider passing processes=1 to the Runner constructor to save time.

html5lib
--------

WARNING: the benchmark result may be unstable
* the standard deviation (4.46 ms) is 13% of the mean (33.2 ms)

Try to rerun the benchmark with more runs, values and/or loops.
Run 'python -m pyperf system tune' command to reduce the system jitter.
Use pyperf stats, pyperf dump and pyperf hist to analyze results.
Use --quiet option to hide these warnings.

json_dumps
----------

Benchmark was run more times than necessary to get a stable result.
Consider passing processes=1 to the Runner constructor to save time.

json_loads
----------

WARNING: the benchmark result may be unstable
* Not enough samples to get a stable result (95% certainly of less than 1% variation)

Try to rerun the benchmark with more runs, values and/or loops.
Run 'python -m pyperf system tune' command to reduce the system jitter.
Use pyperf stats, pyperf dump and pyperf hist to analyze results.
Use --quiet option to hide these warnings.

logging_silent
--------------

Benchmark was run more times than necessary to get a stable result.
Consider passing processes=3 to the Runner constructor to save time.

logging_simple
--------------

WARNING: the benchmark result may be unstable
* Not enough samples to get a stable result (95% certainly of less than 1% variation)

Try to rerun the benchmark with more runs, values and/or loops.
Run 'python -m pyperf system tune' command to reduce the system jitter.
Use pyperf stats, pyperf dump and pyperf hist to analyze results.
Use --quiet option to hide these warnings.

mako
----

Benchmark was run more times than necessary to get a stable result.
Consider passing processes=1 to the Runner constructor to save time.

mdp
---

Benchmark was run more times than necessary to get a stable result.
Consider passing processes=2 to the Runner constructor to save time.

meteor_contest
--------------

Benchmark was run more times than necessary to get a stable result.
Consider passing processes=1 to the Runner constructor to save time.

nbody
-----

Benchmark was run more times than necessary to get a stable result.
Consider passing processes=1 to the Runner constructor to save time.

shortest_path
-------------

Benchmark was run more times than necessary to get a stable result.
Consider passing processes=1 to the Runner constructor to save time.

connected_components
--------------------

Benchmark was run more times than necessary to get a stable result.
Consider passing processes=1 to the Runner constructor to save time.

nqueens
-------

Benchmark was run more times than necessary to get a stable result.
Consider passing processes=1 to the Runner constructor to save time.

pickle
------

Benchmark was run more times than necessary to get a stable result.
Consider passing processes=4 to the Runner constructor to save time.

pickle_dict
-----------

WARNING: the benchmark result may be unstable
* Not enough samples to get a stable result (95% certainly of less than 1% variation)

Try to rerun the benchmark with more runs, values and/or loops.
Run 'python -m pyperf system tune' command to reduce the system jitter.
Use pyperf stats, pyperf dump and pyperf hist to analyze results.
Use --quiet option to hide these warnings.

pickle_pure_python
------------------

Benchmark was run more times than necessary to get a stable result.
Consider passing processes=3 to the Runner constructor to save time.

pidigits
--------

Benchmark was run more times than necessary to get a stable result.
Consider passing processes=1 to the Runner constructor to save time.

pprint_safe_repr
----------------

WARNING: the benchmark result may be unstable
* Not enough samples to get a stable result (95% certainly of less than 1% variation)

Try to rerun the benchmark with more runs, values and/or loops.
Run 'python -m pyperf system tune' command to reduce the system jitter.
Use pyperf stats, pyperf dump and pyperf hist to analyze results.
Use --quiet option to hide these warnings.

pprint_pformat
--------------

WARNING: the benchmark result may be unstable
* Not enough samples to get a stable result (95% certainly of less than 1% variation)

Try to rerun the benchmark with more runs, values and/or loops.
Run 'python -m pyperf system tune' command to reduce the system jitter.
Use pyperf stats, pyperf dump and pyperf hist to analyze results.
Use --quiet option to hide these warnings.

pyflate
-------

Benchmark was run more times than necessary to get a stable result.
Consider passing processes=3 to the Runner constructor to save time.

python_startup
--------------

Benchmark was run more times than necessary to get a stable result.
Consider passing processes=1 to the Runner constructor to save time.

python_startup_no_site
----------------------

Benchmark was run more times than necessary to get a stable result.
Consider passing processes=2 to the Runner constructor to save time.

raytrace
--------

WARNING: the benchmark result may be unstable
* Not enough samples to get a stable result (95% certainly of less than 1% variation)

Try to rerun the benchmark with more runs, values and/or loops.
Run 'python -m pyperf system tune' command to reduce the system jitter.
Use pyperf stats, pyperf dump and pyperf hist to analyze results.
Use --quiet option to hide these warnings.

regex_compile
-------------

WARNING: the benchmark result may be unstable
* Not enough samples to get a stable result (95% certainly of less than 1% variation)

Try to rerun the benchmark with more runs, values and/or loops.
Run 'python -m pyperf system tune' command to reduce the system jitter.
Use pyperf stats, pyperf dump and pyperf hist to analyze results.
Use --quiet option to hide these warnings.

regex_dna
---------

Benchmark was run more times than necessary to get a stable result.
Consider passing processes=1 to the Runner constructor to save time.

regex_effbot
------------

Benchmark was run more times than necessary to get a stable result.
Consider passing processes=2 to the Runner constructor to save time.

regex_v8
--------

Benchmark was run more times than necessary to get a stable result.
Consider passing processes=1 to the Runner constructor to save time.

richards
--------

WARNING: the benchmark result may be unstable
* Not enough samples to get a stable result (95% certainly of less than 1% variation)

Try to rerun the benchmark with more runs, values and/or loops.
Run 'python -m pyperf system tune' command to reduce the system jitter.
Use pyperf stats, pyperf dump and pyperf hist to analyze results.
Use --quiet option to hide these warnings.

richards_super
--------------

WARNING: the benchmark result may be unstable
* Not enough samples to get a stable result (95% certainly of less than 1% variation)

Try to rerun the benchmark with more runs, values and/or loops.
Run 'python -m pyperf system tune' command to reduce the system jitter.
Use pyperf stats, pyperf dump and pyperf hist to analyze results.
Use --quiet option to hide these warnings.

scimark_fft
-----------

Benchmark was run more times than necessary to get a stable result.
Consider passing processes=1 to the Runner constructor to save time.

scimark_lu
----------

Benchmark was run more times than necessary to get a stable result.
Consider passing processes=1 to the Runner constructor to save time.

scimark_monte_carlo
-------------------

Benchmark was run more times than necessary to get a stable result.
Consider passing processes=2 to the Runner constructor to save time.

scimark_sor
-----------

Benchmark was run more times than necessary to get a stable result.
Consider passing processes=1 to the Runner constructor to save time.

scimark_sparse_mat_mult
-----------------------

Benchmark was run more times than necessary to get a stable result.
Consider passing processes=1 to the Runner constructor to save time.

spectral_norm
-------------

Benchmark was run more times than necessary to get a stable result.
Consider passing processes=2 to the Runner constructor to save time.

sphinx
------

WARNING: the benchmark result may be unstable
* Not enough samples to get a stable result (95% certainly of less than 1% variation)

Try to rerun the benchmark with more runs, values and/or loops.
Run 'python -m pyperf system tune' command to reduce the system jitter.
Use pyperf stats, pyperf dump and pyperf hist to analyze results.
Use --quiet option to hide these warnings.

sqlalchemy_declarative
----------------------

Benchmark was run more times than necessary to get a stable result.
Consider passing processes=3 to the Runner constructor to save time.

sqlalchemy_imperative
---------------------

WARNING: the benchmark result may be unstable
* Not enough samples to get a stable result (95% certainly of less than 1% variation)

Try to rerun the benchmark with more runs, values and/or loops.
Run 'python -m pyperf system tune' command to reduce the system jitter.
Use pyperf stats, pyperf dump and pyperf hist to analyze results.
Use --quiet option to hide these warnings.

sqlglot_v2_normalize
--------------------

WARNING: the benchmark result may be unstable
* Not enough samples to get a stable result (95% certainly of less than 1% variation)

Try to rerun the benchmark with more runs, values and/or loops.
Run 'python -m pyperf system tune' command to reduce the system jitter.
Use pyperf stats, pyperf dump and pyperf hist to analyze results.
Use --quiet option to hide these warnings.

sqlglot_v2_optimize
-------------------

Benchmark was run more times than necessary to get a stable result.
Consider passing processes=2 to the Runner constructor to save time.

sqlglot_v2_parse
----------------

Benchmark was run more times than necessary to get a stable result.
Consider passing processes=4 to the Runner constructor to save time.

sqlite_synth
------------

WARNING: the benchmark result may be unstable
* Not enough samples to get a stable result (95% certainly of less than 1% variation)

Try to rerun the benchmark with more runs, values and/or loops.
Run 'python -m pyperf system tune' command to reduce the system jitter.
Use pyperf stats, pyperf dump and pyperf hist to analyze results.
Use --quiet option to hide these warnings.

sympy_expand
------------

Benchmark was run more times than necessary to get a stable result.
Consider passing processes=4 to the Runner constructor to save time.

sympy_integrate
---------------

WARNING: the benchmark result may be unstable
* Not enough samples to get a stable result (95% certainly of less than 1% variation)

Try to rerun the benchmark with more runs, values and/or loops.
Run 'python -m pyperf system tune' command to reduce the system jitter.
Use pyperf stats, pyperf dump and pyperf hist to analyze results.
Use --quiet option to hide these warnings.

sympy_sum
---------

WARNING: the benchmark result may be unstable
* Not enough samples to get a stable result (95% certainly of less than 1% variation)

Try to rerun the benchmark with more runs, values and/or loops.
Run 'python -m pyperf system tune' command to reduce the system jitter.
Use pyperf stats, pyperf dump and pyperf hist to analyze results.
Use --quiet option to hide these warnings.

telco
-----

WARNING: the benchmark result may be unstable
* Not enough samples to get a stable result (95% certainly of less than 1% variation)

Try to rerun the benchmark with more runs, values and/or loops.
Run 'python -m pyperf system tune' command to reduce the system jitter.
Use pyperf stats, pyperf dump and pyperf hist to analyze results.
Use --quiet option to hide these warnings.

tomli_loads
-----------

WARNING: the benchmark result may be unstable
* Not enough samples to get a stable result (95% certainly of less than 1% variation)

Try to rerun the benchmark with more runs, values and/or loops.
Run 'python -m pyperf system tune' command to reduce the system jitter.
Use pyperf stats, pyperf dump and pyperf hist to analyze results.
Use --quiet option to hide these warnings.

tornado_http
------------

WARNING: the benchmark result may be unstable
* Not enough samples to get a stable result (95% certainly of less than 1% variation)

Try to rerun the benchmark with more runs, values and/or loops.
Run 'python -m pyperf system tune' command to reduce the system jitter.
Use pyperf stats, pyperf dump and pyperf hist to analyze results.
Use --quiet option to hide these warnings.

typing_runtime_protocols
------------------------

Benchmark was run more times than necessary to get a stable result.
Consider passing processes=2 to the Runner constructor to save time.

unpack_sequence
---------------

Benchmark was run more times than necessary to get a stable result.
Consider passing processes=5 to the Runner constructor to save time.

unpickle
--------

WARNING: the benchmark result may be unstable
* Not enough samples to get a stable result (95% certainly of less than 1% variation)

Try to rerun the benchmark with more runs, values and/or loops.
Run 'python -m pyperf system tune' command to reduce the system jitter.
Use pyperf stats, pyperf dump and pyperf hist to analyze results.
Use --quiet option to hide these warnings.

unpickle_list
-------------

WARNING: the benchmark result may be unstable
* Not enough samples to get a stable result (95% certainly of less than 1% variation)

Try to rerun the benchmark with more runs, values and/or loops.
Run 'python -m pyperf system tune' command to reduce the system jitter.
Use pyperf stats, pyperf dump and pyperf hist to analyze results.
Use --quiet option to hide these warnings.

unpickle_pure_python
--------------------

Benchmark was run more times than necessary to get a stable result.
Consider passing processes=1 to the Runner constructor to save time.

xdsl_constant_fold
------------------

WARNING: the benchmark result may be unstable
* the standard deviation (2.71 ms) is 11% of the mean (25.4 ms)

Try to rerun the benchmark with more runs, values and/or loops.
Run 'python -m pyperf system tune' command to reduce the system jitter.
Use pyperf stats, pyperf dump and pyperf hist to analyze results.
Use --quiet option to hide these warnings.

xml_etree_parse
---------------

Benchmark was run more times than necessary to get a stable result.
Consider passing processes=1 to the Runner constructor to save time.

xml_etree_iterparse
-------------------

Benchmark was run more times than necessary to get a stable result.
Consider passing processes=1 to the Runner constructor to save time.

xml_etree_generate
------------------

Benchmark was run more times than necessary to get a stable result.
Consider passing processes=3 to the Runner constructor to save time.

xml_etree_process
-----------------

WARNING: the benchmark result may be unstable
* Not enough samples to get a stable result (95% certainly of less than 1% variation)

Try to rerun the benchmark with more runs, values and/or loops.
Run 'python -m pyperf system tune' command to reduce the system jitter.
Use pyperf stats, pyperf dump and pyperf hist to analyze results.
Use --quiet option to hide these warnings.
