/home/methane/work/python/cpython-gc/jit-artifacts/pyperformance-gil-pgo-lto-20260917/controller/bin/python -m pyperf check /home/methane/work/python/cpython-gc/jit-artifacts/method-only-m56b-full/gil-pgo-lto/candidate.json
2to3
----

Benchmark was run more times than necessary to get a stable result.
Consider passing processes=1 to the Runner constructor to save time.

async_generators
----------------

Benchmark was run more times than necessary to get a stable result.
Consider passing processes=2 to the Runner constructor to save time.

async_tree_none
---------------

WARNING: the benchmark result may be unstable
* Not enough samples to get a stable result (95% certainly of less than 1% variation)

Try to rerun the benchmark with more runs, values and/or loops.
Run 'python -m pyperf system tune' command to reduce the system jitter.
Use pyperf stats, pyperf dump and pyperf hist to analyze results.
Use --quiet option to hide these warnings.

async_tree_cpu_io_mixed
-----------------------

WARNING: the benchmark result may be unstable
* Not enough samples to get a stable result (95% certainly of less than 1% variation)

Try to rerun the benchmark with more runs, values and/or loops.
Run 'python -m pyperf system tune' command to reduce the system jitter.
Use pyperf stats, pyperf dump and pyperf hist to analyze results.
Use --quiet option to hide these warnings.

async_tree_cpu_io_mixed_tg
--------------------------

Benchmark was run more times than necessary to get a stable result.
Consider passing processes=1 to the Runner constructor to save time.

async_tree_eager
----------------

WARNING: the benchmark result may be unstable
* Not enough samples to get a stable result (95% certainly of less than 1% variation)

Try to rerun the benchmark with more runs, values and/or loops.
Run 'python -m pyperf system tune' command to reduce the system jitter.
Use pyperf stats, pyperf dump and pyperf hist to analyze results.
Use --quiet option to hide these warnings.

async_tree_eager_cpu_io_mixed
-----------------------------

Benchmark was run more times than necessary to get a stable result.
Consider passing processes=1 to the Runner constructor to save time.

async_tree_eager_cpu_io_mixed_tg
--------------------------------

Benchmark was run more times than necessary to get a stable result.
Consider passing processes=1 to the Runner constructor to save time.

async_tree_eager_io
-------------------

WARNING: the benchmark result may be unstable
* Not enough samples to get a stable result (95% certainly of less than 1% variation)

Try to rerun the benchmark with more runs, values and/or loops.
Run 'python -m pyperf system tune' command to reduce the system jitter.
Use pyperf stats, pyperf dump and pyperf hist to analyze results.
Use --quiet option to hide these warnings.

async_tree_eager_io_tg
----------------------

WARNING: the benchmark result may be unstable
* Not enough samples to get a stable result (95% certainly of less than 1% variation)

Try to rerun the benchmark with more runs, values and/or loops.
Run 'python -m pyperf system tune' command to reduce the system jitter.
Use pyperf stats, pyperf dump and pyperf hist to analyze results.
Use --quiet option to hide these warnings.

async_tree_eager_memoization
----------------------------

Benchmark was run more times than necessary to get a stable result.
Consider passing processes=1 to the Runner constructor to save time.

async_tree_eager_memoization_tg
-------------------------------

WARNING: the benchmark result may be unstable
* Not enough samples to get a stable result (95% certainly of less than 1% variation)

Try to rerun the benchmark with more runs, values and/or loops.
Run 'python -m pyperf system tune' command to reduce the system jitter.
Use pyperf stats, pyperf dump and pyperf hist to analyze results.
Use --quiet option to hide these warnings.

async_tree_eager_tg
-------------------

Benchmark was run more times than necessary to get a stable result.
Consider passing processes=3 to the Runner constructor to save time.

async_tree_io
-------------

Benchmark was run more times than necessary to get a stable result.
Consider passing processes=2 to the Runner constructor to save time.

async_tree_io_tg
----------------

Benchmark was run more times than necessary to get a stable result.
Consider passing processes=5 to the Runner constructor to save time.

async_tree_memoization
----------------------

Benchmark was run more times than necessary to get a stable result.
Consider passing processes=5 to the Runner constructor to save time.

async_tree_memoization_tg
-------------------------

Benchmark was run more times than necessary to get a stable result.
Consider passing processes=1 to the Runner constructor to save time.

async_tree_none_tg
------------------

WARNING: the benchmark result may be unstable
* Not enough samples to get a stable result (95% certainly of less than 1% variation)

Try to rerun the benchmark with more runs, values and/or loops.
Run 'python -m pyperf system tune' command to reduce the system jitter.
Use pyperf stats, pyperf dump and pyperf hist to analyze results.
Use --quiet option to hide these warnings.

asyncio_tcp
-----------

Benchmark was run more times than necessary to get a stable result.
Consider passing processes=2 to the Runner constructor to save time.

asyncio_tcp_ssl
---------------

Benchmark was run more times than necessary to get a stable result.
Consider passing processes=3 to the Runner constructor to save time.

base64_small
------------

Benchmark was run more times than necessary to get a stable result.
Consider passing processes=1 to the Runner constructor to save time.

base64_large
------------

Benchmark was run more times than necessary to get a stable result.
Consider passing processes=1 to the Runner constructor to save time.

urlsafe_base64_small
--------------------

Benchmark was run more times than necessary to get a stable result.
Consider passing processes=1 to the Runner constructor to save time.

base32_small
------------

Benchmark was run more times than necessary to get a stable result.
Consider passing processes=1 to the Runner constructor to save time.

base32_large
------------

Benchmark was run more times than necessary to get a stable result.
Consider passing processes=2 to the Runner constructor to save time.

base16_small
------------

Benchmark was run more times than necessary to get a stable result.
Consider passing processes=3 to the Runner constructor to save time.

base16_large
------------

WARNING: the benchmark result may be unstable
* Not enough samples to get a stable result (95% certainly of less than 1% variation)

Try to rerun the benchmark with more runs, values and/or loops.
Run 'python -m pyperf system tune' command to reduce the system jitter.
Use pyperf stats, pyperf dump and pyperf hist to analyze results.
Use --quiet option to hide these warnings.

ascii85_small
-------------

Benchmark was run more times than necessary to get a stable result.
Consider passing processes=1 to the Runner constructor to save time.

ascii85_large
-------------

Benchmark was run more times than necessary to get a stable result.
Consider passing processes=1 to the Runner constructor to save time.

base85_small
------------

Benchmark was run more times than necessary to get a stable result.
Consider passing processes=1 to the Runner constructor to save time.

base85_large
------------

Benchmark was run more times than necessary to get a stable result.
Consider passing processes=1 to the Runner constructor to save time.

bpe_tokeniser
-------------

Benchmark was run more times than necessary to get a stable result.
Consider passing processes=1 to the Runner constructor to save time.

chameleon
---------

Benchmark was run more times than necessary to get a stable result.
Consider passing processes=2 to the Runner constructor to save time.

chaos
-----

Benchmark was run more times than necessary to get a stable result.
Consider passing processes=3 to the Runner constructor to save time.

comprehensions
--------------

WARNING: the benchmark result may be unstable
* Not enough samples to get a stable result (95% certainly of less than 1% variation)

Try to rerun the benchmark with more runs, values and/or loops.
Run 'python -m pyperf system tune' command to reduce the system jitter.
Use pyperf stats, pyperf dump and pyperf hist to analyze results.
Use --quiet option to hide these warnings.

bench_mp_pool
-------------

WARNING: the benchmark result may be unstable
* the standard deviation (3.08 ms) is 17% of the mean (17.7 ms)

Try to rerun the benchmark with more runs, values and/or loops.
Run 'python -m pyperf system tune' command to reduce the system jitter.
Use pyperf stats, pyperf dump and pyperf hist to analyze results.
Use --quiet option to hide these warnings.

bench_thread_pool
-----------------

WARNING: the benchmark result may be unstable
* the standard deviation (128 us) is 13% of the mean (968 us)

Try to rerun the benchmark with more runs, values and/or loops.
Run 'python -m pyperf system tune' command to reduce the system jitter.
Use pyperf stats, pyperf dump and pyperf hist to analyze results.
Use --quiet option to hide these warnings.

coroutines
----------

Benchmark was run more times than necessary to get a stable result.
Consider passing processes=1 to the Runner constructor to save time.

coverage
--------

Benchmark was run more times than necessary to get a stable result.
Consider passing processes=3 to the Runner constructor to save time.

deepcopy
--------

Benchmark was run more times than necessary to get a stable result.
Consider passing processes=4 to the Runner constructor to save time.

deepcopy_reduce
---------------

WARNING: the benchmark result may be unstable
* Not enough samples to get a stable result (95% certainly of less than 1% variation)

Try to rerun the benchmark with more runs, values and/or loops.
Run 'python -m pyperf system tune' command to reduce the system jitter.
Use pyperf stats, pyperf dump and pyperf hist to analyze results.
Use --quiet option to hide these warnings.

deepcopy_memo
-------------

WARNING: the benchmark result may be unstable
* Not enough samples to get a stable result (95% certainly of less than 1% variation)

Try to rerun the benchmark with more runs, values and/or loops.
Run 'python -m pyperf system tune' command to reduce the system jitter.
Use pyperf stats, pyperf dump and pyperf hist to analyze results.
Use --quiet option to hide these warnings.

deltablue
---------

Benchmark was run more times than necessary to get a stable result.
Consider passing processes=2 to the Runner constructor to save time.

django_template
---------------

Benchmark was run more times than necessary to get a stable result.
Consider passing processes=2 to the Runner constructor to save time.

docutils
--------

Benchmark was run more times than necessary to get a stable result.
Consider passing processes=3 to the Runner constructor to save time.

dulwich_log
-----------

WARNING: the benchmark result may be unstable
* Not enough samples to get a stable result (95% certainly of less than 1% variation)

Try to rerun the benchmark with more runs, values and/or loops.
Run 'python -m pyperf system tune' command to reduce the system jitter.
Use pyperf stats, pyperf dump and pyperf hist to analyze results.
Use --quiet option to hide these warnings.

fannkuch
--------

WARNING: the benchmark result may be unstable
* Not enough samples to get a stable result (95% certainly of less than 1% variation)

Try to rerun the benchmark with more runs, values and/or loops.
Run 'python -m pyperf system tune' command to reduce the system jitter.
Use pyperf stats, pyperf dump and pyperf hist to analyze results.
Use --quiet option to hide these warnings.

float
-----

Benchmark was run more times than necessary to get a stable result.
Consider passing processes=2 to the Runner constructor to save time.

create_gc_cycles
----------------

WARNING: the benchmark result may be unstable
* Not enough samples to get a stable result (95% certainly of less than 1% variation)

Try to rerun the benchmark with more runs, values and/or loops.
Run 'python -m pyperf system tune' command to reduce the system jitter.
Use pyperf stats, pyperf dump and pyperf hist to analyze results.
Use --quiet option to hide these warnings.

gc_traversal
------------

WARNING: the benchmark result may be unstable
* Not enough samples to get a stable result (95% certainly of less than 1% variation)

Try to rerun the benchmark with more runs, values and/or loops.
Run 'python -m pyperf system tune' command to reduce the system jitter.
Use pyperf stats, pyperf dump and pyperf hist to analyze results.
Use --quiet option to hide these warnings.

genshi_text
-----------

WARNING: the benchmark result may be unstable
* Not enough samples to get a stable result (95% certainly of less than 1% variation)

Try to rerun the benchmark with more runs, values and/or loops.
Run 'python -m pyperf system tune' command to reduce the system jitter.
Use pyperf stats, pyperf dump and pyperf hist to analyze results.
Use --quiet option to hide these warnings.

genshi_xml
----------

WARNING: the benchmark result may be unstable
* Not enough samples to get a stable result (95% certainly of less than 1% variation)

Try to rerun the benchmark with more runs, values and/or loops.
Run 'python -m pyperf system tune' command to reduce the system jitter.
Use pyperf stats, pyperf dump and pyperf hist to analyze results.
Use --quiet option to hide these warnings.

go
--

Benchmark was run more times than necessary to get a stable result.
Consider passing processes=2 to the Runner constructor to save time.

hexiom
------

Benchmark was run more times than necessary to get a stable result.
Consider passing processes=5 to the Runner constructor to save time.

html5lib
--------

WARNING: the benchmark result may be unstable
* the standard deviation (4.29 ms) is 13% of the mean (32.1 ms)

Try to rerun the benchmark with more runs, values and/or loops.
Run 'python -m pyperf system tune' command to reduce the system jitter.
Use pyperf stats, pyperf dump and pyperf hist to analyze results.
Use --quiet option to hide these warnings.

json_dumps
----------

Benchmark was run more times than necessary to get a stable result.
Consider passing processes=1 to the Runner constructor to save time.

json_loads
----------

Benchmark was run more times than necessary to get a stable result.
Consider passing processes=5 to the Runner constructor to save time.

logging_format
--------------

WARNING: the benchmark result may be unstable
* Not enough samples to get a stable result (95% certainly of less than 1% variation)

Try to rerun the benchmark with more runs, values and/or loops.
Run 'python -m pyperf system tune' command to reduce the system jitter.
Use pyperf stats, pyperf dump and pyperf hist to analyze results.
Use --quiet option to hide these warnings.

logging_silent
--------------

Benchmark was run more times than necessary to get a stable result.
Consider passing processes=1 to the Runner constructor to save time.

logging_simple
--------------

WARNING: the benchmark result may be unstable
* Not enough samples to get a stable result (95% certainly of less than 1% variation)

Try to rerun the benchmark with more runs, values and/or loops.
Run 'python -m pyperf system tune' command to reduce the system jitter.
Use pyperf stats, pyperf dump and pyperf hist to analyze results.
Use --quiet option to hide these warnings.

mako
----

Benchmark was run more times than necessary to get a stable result.
Consider passing processes=1 to the Runner constructor to save time.

mdp
---

Benchmark was run more times than necessary to get a stable result.
Consider passing processes=2 to the Runner constructor to save time.

meteor_contest
--------------

Benchmark was run more times than necessary to get a stable result.
Consider passing processes=1 to the Runner constructor to save time.

nbody
-----

WARNING: the benchmark result may be unstable
* Not enough samples to get a stable result (95% certainly of less than 1% variation)

Try to rerun the benchmark with more runs, values and/or loops.
Run 'python -m pyperf system tune' command to reduce the system jitter.
Use pyperf stats, pyperf dump and pyperf hist to analyze results.
Use --quiet option to hide these warnings.

shortest_path
-------------

WARNING: the benchmark result may be unstable
* the standard deviation (50.1 ms) is 13% of the mean (385 ms)

Try to rerun the benchmark with more runs, values and/or loops.
Run 'python -m pyperf system tune' command to reduce the system jitter.
Use pyperf stats, pyperf dump and pyperf hist to analyze results.
Use --quiet option to hide these warnings.

nqueens
-------

Benchmark was run more times than necessary to get a stable result.
Consider passing processes=1 to the Runner constructor to save time.

pathlib
-------

Benchmark was run more times than necessary to get a stable result.
Consider passing processes=4 to the Runner constructor to save time.

pickle_dict
-----------

Benchmark was run more times than necessary to get a stable result.
Consider passing processes=3 to the Runner constructor to save time.

pickle_pure_python
------------------

Benchmark was run more times than necessary to get a stable result.
Consider passing processes=1 to the Runner constructor to save time.

pidigits
--------

Benchmark was run more times than necessary to get a stable result.
Consider passing processes=1 to the Runner constructor to save time.

pprint_safe_repr
----------------

Benchmark was run more times than necessary to get a stable result.
Consider passing processes=1 to the Runner constructor to save time.

pprint_pformat
--------------

Benchmark was run more times than necessary to get a stable result.
Consider passing processes=2 to the Runner constructor to save time.

python_startup
--------------

Benchmark was run more times than necessary to get a stable result.
Consider passing processes=1 to the Runner constructor to save time.

python_startup_no_site
----------------------

Benchmark was run more times than necessary to get a stable result.
Consider passing processes=1 to the Runner constructor to save time.

regex_compile
-------------

Benchmark was run more times than necessary to get a stable result.
Consider passing processes=1 to the Runner constructor to save time.

regex_dna
---------

Benchmark was run more times than necessary to get a stable result.
Consider passing processes=1 to the Runner constructor to save time.

regex_effbot
------------

Benchmark was run more times than necessary to get a stable result.
Consider passing processes=1 to the Runner constructor to save time.

regex_v8
--------

Benchmark was run more times than necessary to get a stable result.
Consider passing processes=3 to the Runner constructor to save time.

richards
--------

Benchmark was run more times than necessary to get a stable result.
Consider passing processes=1 to the Runner constructor to save time.

richards_super
--------------

Benchmark was run more times than necessary to get a stable result.
Consider passing processes=3 to the Runner constructor to save time.

scimark_fft
-----------

Benchmark was run more times than necessary to get a stable result.
Consider passing processes=1 to the Runner constructor to save time.

scimark_lu
----------

Benchmark was run more times than necessary to get a stable result.
Consider passing processes=1 to the Runner constructor to save time.

scimark_monte_carlo
-------------------

Benchmark was run more times than necessary to get a stable result.
Consider passing processes=1 to the Runner constructor to save time.

scimark_sor
-----------

Benchmark was run more times than necessary to get a stable result.
Consider passing processes=1 to the Runner constructor to save time.

scimark_sparse_mat_mult
-----------------------

WARNING: the benchmark result may be unstable
* Not enough samples to get a stable result (95% certainly of less than 1% variation)

Try to rerun the benchmark with more runs, values and/or loops.
Run 'python -m pyperf system tune' command to reduce the system jitter.
Use pyperf stats, pyperf dump and pyperf hist to analyze results.
Use --quiet option to hide these warnings.

spectral_norm
-------------

Benchmark was run more times than necessary to get a stable result.
Consider passing processes=1 to the Runner constructor to save time.

sphinx
------

WARNING: the benchmark result may be unstable
* Not enough samples to get a stable result (95% certainly of less than 1% variation)

Try to rerun the benchmark with more runs, values and/or loops.
Run 'python -m pyperf system tune' command to reduce the system jitter.
Use pyperf stats, pyperf dump and pyperf hist to analyze results.
Use --quiet option to hide these warnings.

sqlalchemy_declarative
----------------------

Benchmark was run more times than necessary to get a stable result.
Consider passing processes=2 to the Runner constructor to save time.

sqlalchemy_imperative
---------------------

WARNING: the benchmark result may be unstable
* Not enough samples to get a stable result (95% certainly of less than 1% variation)

Try to rerun the benchmark with more runs, values and/or loops.
Run 'python -m pyperf system tune' command to reduce the system jitter.
Use pyperf stats, pyperf dump and pyperf hist to analyze results.
Use --quiet option to hide these warnings.

sqlglot_v2_normalize
--------------------

Benchmark was run more times than necessary to get a stable result.
Consider passing processes=5 to the Runner constructor to save time.

sqlglot_v2_optimize
-------------------

Benchmark was run more times than necessary to get a stable result.
Consider passing processes=5 to the Runner constructor to save time.

sqlglot_v2_parse
----------------

Benchmark was run more times than necessary to get a stable result.
Consider passing processes=1 to the Runner constructor to save time.

sqlglot_v2_transpile
--------------------

Benchmark was run more times than necessary to get a stable result.
Consider passing processes=3 to the Runner constructor to save time.

sqlite_synth
------------

Benchmark was run more times than necessary to get a stable result.
Consider passing processes=2 to the Runner constructor to save time.

sympy_expand
------------

Benchmark was run more times than necessary to get a stable result.
Consider passing processes=3 to the Runner constructor to save time.

sympy_integrate
---------------

Benchmark was run more times than necessary to get a stable result.
Consider passing processes=2 to the Runner constructor to save time.

sympy_sum
---------

Benchmark was run more times than necessary to get a stable result.
Consider passing processes=5 to the Runner constructor to save time.

sympy_str
---------

Benchmark was run more times than necessary to get a stable result.
Consider passing processes=3 to the Runner constructor to save time.

telco
-----

WARNING: the benchmark result may be unstable
* Not enough samples to get a stable result (95% certainly of less than 1% variation)

Try to rerun the benchmark with more runs, values and/or loops.
Run 'python -m pyperf system tune' command to reduce the system jitter.
Use pyperf stats, pyperf dump and pyperf hist to analyze results.
Use --quiet option to hide these warnings.

tomli_loads
-----------

Benchmark was run more times than necessary to get a stable result.
Consider passing processes=1 to the Runner constructor to save time.

tornado_http
------------

WARNING: the benchmark result may be unstable
* Not enough samples to get a stable result (95% certainly of less than 1% variation)

Try to rerun the benchmark with more runs, values and/or loops.
Run 'python -m pyperf system tune' command to reduce the system jitter.
Use pyperf stats, pyperf dump and pyperf hist to analyze results.
Use --quiet option to hide these warnings.

typing_runtime_protocols
------------------------

Benchmark was run more times than necessary to get a stable result.
Consider passing processes=2 to the Runner constructor to save time.

unpack_sequence
---------------

WARNING: the benchmark result may be unstable
* Not enough samples to get a stable result (95% certainly of less than 1% variation)

Try to rerun the benchmark with more runs, values and/or loops.
Run 'python -m pyperf system tune' command to reduce the system jitter.
Use pyperf stats, pyperf dump and pyperf hist to analyze results.
Use --quiet option to hide these warnings.

unpickle
--------

WARNING: the benchmark result may be unstable
* Not enough samples to get a stable result (95% certainly of less than 1% variation)

Try to rerun the benchmark with more runs, values and/or loops.
Run 'python -m pyperf system tune' command to reduce the system jitter.
Use pyperf stats, pyperf dump and pyperf hist to analyze results.
Use --quiet option to hide these warnings.

unpickle_list
-------------

WARNING: the benchmark result may be unstable
* Not enough samples to get a stable result (95% certainly of less than 1% variation)

Try to rerun the benchmark with more runs, values and/or loops.
Run 'python -m pyperf system tune' command to reduce the system jitter.
Use pyperf stats, pyperf dump and pyperf hist to analyze results.
Use --quiet option to hide these warnings.

unpickle_pure_python
--------------------

Benchmark was run more times than necessary to get a stable result.
Consider passing processes=1 to the Runner constructor to save time.

xdsl_constant_fold
------------------

WARNING: the benchmark result may be unstable
* the standard deviation (2.70 ms) is 11% of the mean (24.7 ms)

Try to rerun the benchmark with more runs, values and/or loops.
Run 'python -m pyperf system tune' command to reduce the system jitter.
Use pyperf stats, pyperf dump and pyperf hist to analyze results.
Use --quiet option to hide these warnings.

xml_etree_parse
---------------

Benchmark was run more times than necessary to get a stable result.
Consider passing processes=2 to the Runner constructor to save time.

xml_etree_iterparse
-------------------

Benchmark was run more times than necessary to get a stable result.
Consider passing processes=2 to the Runner constructor to save time.

xml_etree_generate
------------------

Benchmark was run more times than necessary to get a stable result.
Consider passing processes=1 to the Runner constructor to save time.

xml_etree_process
-----------------

Benchmark was run more times than necessary to get a stable result.
Consider passing processes=3 to the Runner constructor to save time.
