PHASE imports
COMPILE calls=0 ok=0 ns=0
PHASE warmup 5
PROFILE method=0 op=_POP_ITER count=138266
PROFILE method=0 op=_POP_TOP count=4407188
PROFILE method=0 op=_PUSH_NULL count=165943
PROFILE method=0 op=_UNARY_NOT count=78409
PROFILE method=0 op=_LIST_APPEND count=76448
PROFILE method=0 op=_STORE_GLOBAL count=34
PROFILE method=0 op=_TO_BOOL_BOOL count=405457
PROFILE method=0 op=_TO_BOOL_NONE count=57950
PROFILE method=0 op=_EXIT_TRACE count=1724165
PROFILE method=0 op=_SET_IP count=10360153
PROFILE method=0 op=_BINARY_OP count=80993
PROFILE method=0 op=_BINARY_OP_ADD_FLOAT count=55305
PROFILE method=0 op=_BINARY_OP_ADD_INT count=344697
PROFILE method=0 op=_BINARY_OP_EXTEND count=131041
PROFILE method=0 op=_BINARY_OP_MULTIPLY_INT count=55305
PROFILE method=0 op=_BINARY_OP_SUBSCR_LIST_INT count=110224
PROFILE method=0 op=_BINARY_OP_SUBTRACT_INT count=267349
PROFILE method=0 op=_CALL_BUILTIN_CLASS count=55315
PROFILE method=0 op=_CALL_BUILTIN_FAST count=55305
PROFILE method=0 op=_CALL_BUILTIN_O count=55305
PROFILE method=0 op=_CALL_LEN count=8
PROFILE method=0 op=_CALL_LIST_APPEND count=463
PROFILE method=0 op=_CALL_METHOD_DESCRIPTOR_FAST_INLINE count=7
PROFILE method=0 op=_CALL_METHOD_DESCRIPTOR_O_INLINE count=7
PROFILE method=0 op=_CALL_NON_PY_GENERAL count=10
PROFILE method=0 op=_CHECK_FUNCTION_EXACT_ARGS count=1149
PROFILE method=0 op=_CHECK_FUNCTION_VERSION count=973475
PROFILE method=0 op=_CHECK_FUNCTION_VERSION_KW count=130484
PROFILE method=0 op=_CHECK_IS_NOT_PY_CALLABLE count=5
PROFILE method=0 op=_CHECK_MANAGED_OBJECT_HAS_VALUES count=6311086
PROFILE method=0 op=_CHECK_PERIODIC count=1628382
PROFILE method=0 op=_CHECK_RECURSION_LIMIT count=55312
PROFILE method=0 op=_CHECK_RECURSION_REMAINING count=1103959
PROFILE method=0 op=_CHECK_STACK_SPACE_OPERAND count=733970
PROFILE method=0 op=_CHECK_VALIDITY count=8557669
PROFILE method=0 op=_COLD_EXIT count=610673
PROFILE method=0 op=_COMPARE_OP_FLOAT count=54967
PROFILE method=0 op=_COMPARE_OP_INT count=2121955
PROFILE method=0 op=_CONTAINS_OP_SET count=78409
PROFILE method=0 op=_COPY_1 count=577584
PROFILE method=0 op=_DEOPT count=22977
PROFILE method=0 op=_DYNAMIC_EXIT count=217145
PROFILE method=0 op=_GUARD_BINARY_OP_EXTEND count=143188
PROFILE method=0 op=_GUARD_BIT_IS_SET_POP_5 count=1384031
PROFILE method=0 op=_GUARD_BIT_IS_UNSET_POP_5 count=1579184
PROFILE method=0 op=_GUARD_BUILTINS_IDENTITY count=55318
PROFILE method=0 op=_GUARD_CALLABLE_BUILTIN_CLASS count=5
PROFILE method=0 op=_GUARD_CODE_VERSION_RETURN_VALUE count=502528
PROFILE method=0 op=_GUARD_DORV_NO_DICT count=630869
PROFILE method=0 op=_GUARD_GLOBALS_VERSION count=5
PROFILE method=0 op=_GUARD_GLOBALS_VERSION_AND_IDENTITY count=992048
PROFILE method=0 op=_GUARD_IP_RETURN_VALUE count=719673
PROFILE method=0 op=_GUARD_NOS_INT count=2668098
PROFILE method=0 op=_GUARD_NOS_LIST count=239050
PROFILE method=0 op=_GUARD_NOS_OVERFLOWED count=7
PROFILE method=0 op=_GUARD_NOT_EXHAUSTED_LIST count=1476011
PROFILE method=0 op=_GUARD_NOT_EXHAUSTED_RANGE count=77405
PROFILE method=0 op=_GUARD_TOS_ANY_SET count=78409
PROFILE method=0 op=_GUARD_TOS_EXACT_INT count=78284
PROFILE method=0 op=_GUARD_TOS_FLOAT count=110610
PROFILE method=0 op=_GUARD_TOS_INT count=1686855
PROFILE method=0 op=_GUARD_TYPE count=17950
PROFILE method=0 op=_GUARD_TYPE_VERSION count=3286878
PROFILE method=0 op=_GUARD_TYPE_VERSION_LOCKED count=189175
PROFILE method=0 op=_INIT_CALL_PY_EXACT_ARGS_0 count=133723
PROFILE method=0 op=_INIT_CALL_PY_EXACT_ARGS_1 count=535832
PROFILE method=0 op=_INIT_CALL_PY_EXACT_ARGS_2 count=64415
PROFILE method=0 op=_ITER_CHECK_LIST count=1411846
PROFILE method=0 op=_ITER_CHECK_RANGE count=77405
PROFILE method=0 op=_ITER_NEXT_LIST_TIER_TWO count=1170047
PROFILE method=0 op=_ITER_NEXT_RANGE count=76449
PROFILE method=0 op=_JUMP_TO_TOP count=783381
PROFILE method=0 op=_LOAD_ATTR_INSTANCE_VALUE count=5208275
PROFILE method=0 op=_LOAD_ATTR_MODULE count=5
PROFILE method=0 op=_LOAD_CONST_INLINE count=1324125
PROFILE method=0 op=_LOAD_CONST_INLINE_BORROW count=2097237
PROFILE method=0 op=_LOAD_FAST count=63415
PROFILE method=0 op=_LOAD_FAST_0 count=13
PROFILE method=0 op=_LOAD_FAST_4 count=78279
PROFILE method=0 op=_LOAD_FAST_6 count=69880
PROFILE method=0 op=_LOAD_FAST_BORROW count=1240073
PROFILE method=0 op=_LOAD_FAST_BORROW_0 count=3099999
PROFILE method=0 op=_LOAD_FAST_BORROW_1 count=1748063
PROFILE method=0 op=_LOAD_FAST_BORROW_2 count=2983458
PROFILE method=0 op=_LOAD_FAST_BORROW_3 count=941196
PROFILE method=0 op=_LOAD_FAST_BORROW_4 count=361104
PROFILE method=0 op=_LOAD_FAST_BORROW_5 count=126112
PROFILE method=0 op=_LOAD_FAST_BORROW_6 count=137601
PROFILE method=0 op=_LOAD_FAST_BORROW_7 count=78409
PROFILE method=0 op=_LOAD_GLOBAL_BUILTINS count=5
PROFILE method=0 op=_LOAD_GLOBAL_MODULE count=63079
PROFILE method=0 op=_LOCK_OBJECT count=630869
PROFILE method=0 op=_MAKE_HEAP_SAFE count=774151
PROFILE method=0 op=_MAKE_WARM count=2747586
PROFILE method=0 op=_POP_TOP_FLOAT count=165587
PROFILE method=0 op=_POP_TOP_INT count=3210657
PROFILE method=0 op=_POP_TOP_NOP count=10181616
PROFILE method=0 op=_POP_TOP_OPARG count=7
PROFILE method=0 op=_PUSH_FRAME count=1103959
PROFILE method=0 op=_PUSH_TAGGED_ZERO count=17950
PROFILE method=0 op=_PY_FRAME_GENERAL count=239505
PROFILE method=0 op=_PY_FRAME_KW count=130484
PROFILE method=0 op=_RETURN_VALUE count=1009507
PROFILE method=0 op=_RROT_3 count=27771
PROFILE method=0 op=_SAVE_RETURN_OFFSET count=1103959
PROFILE method=0 op=_SPILL_OR_RELOAD count=4580682
PROFILE method=0 op=_START_EXECUTOR count=1964287
PROFILE method=0 op=_STORE_ATTR_INSTANCE_VALUE count=630869
PROFILE method=0 op=_STORE_SUBSCR_LIST_INT count=128826
PROFILE method=0 op=_SWAP_2 count=1586824
PROFILE method=0 op=_SWAP_FAST count=944845
PROFILE method=0 op=_SWAP_FAST_1 count=240818
PROFILE method=0 op=_SWAP_FAST_2 count=1738899
PROFILE method=0 op=_SWAP_FAST_3 count=669867
PROFILE method=0 op=_SWAP_FAST_4 count=236672
PROFILE method=0 op=_SWAP_FAST_5 count=65653
PROFILE method=0 op=_SWAP_FAST_6 count=59192
PROFILE method=0 op=_TIER2_RESUME_CHECK count=1261008
PROFILE method=0 op=_TO_BOOL count=3343
PROFILE method=0 op=_TO_BOOL_INT count=299084
PROFILE method=1 op=_POP_ITER count=32441
PROFILE method=1 op=_POP_TOP count=15554016
PROFILE method=1 op=_PUSH_NULL count=15530
PROFILE method=1 op=_LOAD_COMMON_CONSTANT count=1076552
PROFILE method=1 op=_TO_BOOL_BOOL count=301195
PROFILE method=1 op=_SET_IP count=39756536
PROFILE method=1 op=_BINARY_OP count=665554
PROFILE method=1 op=_BINARY_OP_EXTEND count=15530
PROFILE method=1 op=_BINARY_OP_SUBSCR_LIST_INT count=963733
PROFILE method=1 op=_BINARY_OP_SUBTRACT_INT count=98784
PROFILE method=1 op=_CALL_BUILTIN_CLASS count=15530
PROFILE method=1 op=_CALL_LEN count=145935
PROFILE method=1 op=_CALL_LIST_APPEND count=33293
PROFILE method=1 op=_CALL_METHOD_DESCRIPTOR_FAST count=98784
PROFILE method=1 op=_CALL_METHOD_DESCRIPTOR_O count=98784
PROFILE method=1 op=_CALL_NON_PY_GENERAL count=15530
PROFILE method=1 op=_CHECK_FUNCTION_EXACT_ARGS count=174364
PROFILE method=1 op=_CHECK_FUNCTION_VERSION count=174364
PROFILE method=1 op=_CHECK_IS_NOT_PY_CALLABLE count=15530
PROFILE method=1 op=_CHECK_MANAGED_OBJECT_HAS_VALUES count=9676644
PROFILE method=1 op=_CHECK_PEP_523 count=174364
PROFILE method=1 op=_CHECK_PERIODIC count=150508
PROFILE method=1 op=_CHECK_RECURSION_LIMIT count=98784
PROFILE method=1 op=_CHECK_RECURSION_REMAINING count=174364
PROFILE method=1 op=_CHECK_STACK_SPACE count=174364
PROFILE method=1 op=_CHECK_VALIDITY count=40762028
PROFILE method=1 op=_COMPARE_OP_INT count=1875892
PROFILE method=1 op=_CONTAINS_OP_SET count=70677
PROFILE method=1 op=_COPY_1 count=665554
PROFILE method=1 op=_GUARD_BINARY_OP_EXTEND count=15530
PROFILE method=1 op=_GUARD_CALLABLE_BUILTIN_CLASS count=15530
PROFILE method=1 op=_GUARD_CALLABLE_LEN count=145935
PROFILE method=1 op=_GUARD_CALLABLE_LIST_APPEND count=33293
PROFILE method=1 op=_GUARD_CALLABLE_METHOD_DESCRIPTOR_FAST count=98784
PROFILE method=1 op=_GUARD_CALLABLE_METHOD_DESCRIPTOR_O count=98784
PROFILE method=1 op=_GUARD_DORV_NO_DICT count=745100
PROFILE method=1 op=_GUARD_GLOBALS_VERSION count=161465
PROFILE method=1 op=_GUARD_ITER_VIRTUAL count=200568
PROFILE method=1 op=_GUARD_NOS_INT count=1974676
PROFILE method=1 op=_GUARD_NOS_LIST count=1549595
PROFILE method=1 op=_GUARD_NOS_NOT_NULL count=33293
PROFILE method=1 op=_GUARD_NOS_NULL count=145935
PROFILE method=1 op=_GUARD_TOS_ANY_SET count=70677
PROFILE method=1 op=_GUARD_TOS_EXACT_INT count=15530
PROFILE method=1 op=_GUARD_TOS_INT count=3293410
PROFILE method=1 op=_GUARD_TOS_OVERFLOWED count=98784
PROFILE method=1 op=_GUARD_TYPE_VERSION count=9907505
PROFILE method=1 op=_GUARD_TYPE_VERSION_LOCKED count=745100
PROFILE method=1 op=_INIT_CALL_PY_EXACT_ARGS_1 count=25827
PROFILE method=1 op=_INIT_CALL_PY_EXACT_ARGS_2 count=148537
PROFILE method=1 op=_ITER_CHECK_LIST count=350225
PROFILE method=1 op=_ITER_NEXT_LIST_TIER_TWO count=317784
PROFILE method=1 op=_LOAD_ATTR_INSTANCE_VALUE count=8496788
PROFILE method=1 op=_LOAD_ATTR_METHOD_NO_DICT count=230861
PROFILE method=1 op=_LOAD_ATTR_METHOD_WITH_VALUES count=1179856
PROFILE method=1 op=_LOAD_ATTR_MODULE count=15530
PROFILE method=1 op=_LOAD_FAST_BORROW_0 count=5461236
PROFILE method=1 op=_LOAD_FAST_BORROW_1 count=3129774
PROFILE method=1 op=_LOAD_FAST_BORROW_2 count=4137760
PROFILE method=1 op=_LOAD_FAST_BORROW_3 count=181880
PROFILE method=1 op=_LOAD_GLOBAL_BUILTINS count=161465
PROFILE method=1 op=_LOAD_GLOBAL_MODULE count=602955
PROFILE method=1 op=_LOAD_SMALL_INT_1 count=98784
PROFILE method=1 op=_LOCK_OBJECT count=745100
PROFILE method=1 op=_MAKE_HEAP_SAFE count=1720433
PROFILE method=1 op=_MAKE_WARM count=2551561
PROFILE method=1 op=_METHOD_DEOPT count=1005492
PROFILE method=1 op=_METHOD_EXIT count=1546069
PROFILE method=1 op=_METHOD_ITER_JUMP_LIST count=350225
PROFILE method=1 op=_METHOD_JUMP count=2012082
PROFILE method=1 op=_METHOD_POP_JUMP_IF_FALSE count=1569180
PROFILE method=1 op=_METHOD_POP_JUMP_IF_TRUE count=623437
PROFILE method=1 op=_POP_TOP_INT count=5481184
PROFILE method=1 op=_POP_TOP_OPARG count=114314
PROFILE method=1 op=_PUSH_FRAME count=174364
PROFILE method=1 op=_PUSH_NULL_CONDITIONAL count=9276738
PROFILE method=1 op=_PUSH_TAGGED_ZERO count=200568
PROFILE method=1 op=_RETURN_VALUE count=1720433
PROFILE method=1 op=_SAVE_RETURN_OFFSET count=174364
PROFILE method=1 op=_SPILL_OR_RELOAD count=20798581
PROFILE method=1 op=_START_EXECUTOR count=2551561
PROFILE method=1 op=_STORE_ATTR_INSTANCE_VALUE count=745100
PROFILE method=1 op=_STORE_SUBSCR_LIST_INT count=552569
PROFILE method=1 op=_SWAP_2 count=665554
PROFILE method=1 op=_SWAP_FAST_1 count=15530
PROFILE method=1 op=_SWAP_FAST_2 count=1771105
PROFILE method=1 op=_SWAP_FAST_3 count=78292
PROFILE method=1 op=_TIER2_RESUME_CHECK count=2954553
PROFILE method=1 op=_TO_BOOL_INT count=15530
COMPILE calls=29 ok=12 ns=765078
PHASE steady 5
PROFILE method=0 op=_POP_ITER count=257112
PROFILE method=0 op=_POP_TOP count=5951142
PROFILE method=0 op=_PUSH_NULL count=222123
PROFILE method=0 op=_UNARY_NOT count=157295
PROFILE method=0 op=_LIST_APPEND count=80972
PROFILE method=0 op=_STORE_GLOBAL count=39
PROFILE method=0 op=_TO_BOOL_BOOL count=649726
PROFILE method=0 op=_TO_BOOL_NONE count=61865
PROFILE method=0 op=_EXIT_TRACE count=2237781
PROFILE method=0 op=_SET_IP count=13710500
PROFILE method=0 op=_BINARY_OP count=98724
PROFILE method=0 op=_BINARY_OP_ADD_FLOAT count=65371
PROFILE method=0 op=_BINARY_OP_ADD_INT count=427623
PROFILE method=0 op=_BINARY_OP_ADD_INT_INPLACE count=1158
PROFILE method=0 op=_BINARY_OP_EXTEND count=166720
PROFILE method=0 op=_BINARY_OP_MULTIPLY_INT count=66529
PROFILE method=0 op=_BINARY_OP_SUBSCR_LIST_INT count=148681
PROFILE method=0 op=_BINARY_OP_SUBTRACT_INT count=520479
PROFILE method=0 op=_CALL_BUILTIN_CLASS count=65385
PROFILE method=0 op=_CALL_BUILTIN_FAST count=65371
PROFILE method=0 op=_CALL_BUILTIN_O count=65943
PROFILE method=0 op=_CALL_LEN count=23680
PROFILE method=0 op=_CALL_LIST_APPEND count=2110
PROFILE method=0 op=_CALL_METHOD_DESCRIPTOR_FAST_INLINE count=8
PROFILE method=0 op=_CALL_METHOD_DESCRIPTOR_NOARGS_INLINE count=572
PROFILE method=0 op=_CALL_METHOD_DESCRIPTOR_O_INLINE count=580
PROFILE method=0 op=_CALL_NON_PY_GENERAL count=14
PROFILE method=0 op=_CHECK_FUNCTION_EXACT_ARGS count=2280
PROFILE method=0 op=_CHECK_FUNCTION_VERSION count=1445948
PROFILE method=0 op=_CHECK_FUNCTION_VERSION_INLINE count=572
PROFILE method=0 op=_CHECK_FUNCTION_VERSION_KW count=150600
PROFILE method=0 op=_CHECK_IS_NOT_PY_CALLABLE count=9
PROFILE method=0 op=_CHECK_MANAGED_OBJECT_HAS_VALUES count=8803798
PROFILE method=0 op=_CHECK_PERIODIC count=1859581
PROFILE method=0 op=_CHECK_RECURSION_LIMIT count=66523
PROFILE method=0 op=_CHECK_RECURSION_REMAINING count=1597120
PROFILE method=0 op=_CHECK_STACK_SPACE_OPERAND count=1115158
PROFILE method=0 op=_CHECK_VALIDITY count=11179873
PROFILE method=0 op=_COLD_EXIT count=491037
PROFILE method=0 op=_COMPARE_OP count=1144
PROFILE method=0 op=_COMPARE_OP_FLOAT count=64406
PROFILE method=0 op=_COMPARE_OP_INT count=2758907
PROFILE method=0 op=_CONTAINS_OP_SET count=157295
PROFILE method=0 op=_COPY_1 count=964303
PROFILE method=0 op=_COPY_2 count=2594
PROFILE method=0 op=_DEOPT count=30702
PROFILE method=0 op=_DYNAMIC_EXIT count=330175
PROFILE method=0 op=_EXPAND_METHOD count=572
PROFILE method=0 op=_GUARD_BINARY_OP_EXTEND count=184640
PROFILE method=0 op=_GUARD_BIT_IS_SET_POP_5 count=2050194
PROFILE method=0 op=_GUARD_BIT_IS_UNSET_POP_5 count=2149585
PROFILE method=0 op=_GUARD_BUILTINS_IDENTITY count=89056
PROFILE method=0 op=_GUARD_CALLABLE_BUILTIN_CLASS count=9
PROFILE method=0 op=_GUARD_CALLABLE_METHOD_DESCRIPTOR_O count=572
PROFILE method=0 op=_GUARD_CODE_VERSION_RETURN_VALUE count=812738
PROFILE method=0 op=_GUARD_DORV_NO_DICT count=899163
PROFILE method=0 op=_GUARD_GLOBALS_VERSION count=9
PROFILE method=0 op=_GUARD_GLOBALS_VERSION_AND_IDENTITY count=1124118
PROFILE method=0 op=_GUARD_IP_RETURN_VALUE count=1142913
PROFILE method=0 op=_GUARD_IS_NONE_POP count=572
PROFILE method=0 op=_GUARD_NOS_INT count=3629947
PROFILE method=0 op=_GUARD_NOS_LIST count=406335
PROFILE method=0 op=_GUARD_NOS_OVERFLOWED count=8
PROFILE method=0 op=_GUARD_NOT_EXHAUSTED_LIST count=1666485
PROFILE method=0 op=_GUARD_NOT_EXHAUSTED_RANGE count=82265
PROFILE method=0 op=_GUARD_NOT_EXHAUSTED_TUPLE count=1759
PROFILE method=0 op=_GUARD_TOS_ANY_SET count=157295
PROFILE method=0 op=_GUARD_TOS_EXACT_INT count=157048
PROFILE method=0 op=_GUARD_TOS_FLOAT count=130742
PROFILE method=0 op=_GUARD_TOS_INT count=2444115
PROFILE method=0 op=_GUARD_TOS_OVERFLOWED count=23669
PROFILE method=0 op=_GUARD_TOS_TUPLE count=1325
PROFILE method=0 op=_GUARD_TYPE count=26172
PROFILE method=0 op=_GUARD_TYPE_VERSION count=4402928
PROFILE method=0 op=_GUARD_TYPE_VERSION_LOCKED count=320125
PROFILE method=0 op=_INIT_CALL_PY_EXACT_ARGS_0 count=222676
PROFILE method=0 op=_INIT_CALL_PY_EXACT_ARGS_1 count=762494
PROFILE method=0 op=_INIT_CALL_PY_EXACT_ARGS_2 count=129988
PROFILE method=0 op=_IS_OP count=572
PROFILE method=0 op=_ITER_CHECK_LIST count=1573553
PROFILE method=0 op=_ITER_CHECK_RANGE count=82265
PROFILE method=0 op=_ITER_CHECK_TUPLE count=1759
PROFILE method=0 op=_ITER_NEXT_LIST_TIER_TWO count=1315005
PROFILE method=0 op=_ITER_NEXT_RANGE count=80973
PROFILE method=0 op=_ITER_NEXT_TUPLE count=1325
PROFILE method=0 op=_JUMP_TO_TOP count=1037247
PROFILE method=0 op=_LOAD_ATTR_INSTANCE_VALUE count=7210115
PROFILE method=0 op=_LOAD_ATTR_MODULE count=9
PROFILE method=0 op=_LOAD_CONST_INLINE count=1881821
PROFILE method=0 op=_LOAD_CONST_INLINE_BORROW count=2612074
PROFILE method=0 op=_LOAD_FAST count=127143
PROFILE method=0 op=_LOAD_FAST_0 count=16
PROFILE method=0 op=_LOAD_FAST_4 count=157030
PROFILE method=0 op=_LOAD_FAST_5 count=1325
PROFILE method=0 op=_LOAD_FAST_6 count=141399
PROFILE method=0 op=_LOAD_FAST_BORROW count=1620181
PROFILE method=0 op=_LOAD_FAST_BORROW_0 count=4541769
PROFILE method=0 op=_LOAD_FAST_BORROW_1 count=2590670
PROFILE method=0 op=_LOAD_FAST_BORROW_2 count=4236007
PROFILE method=0 op=_LOAD_FAST_BORROW_3 count=1231970
PROFILE method=0 op=_LOAD_FAST_BORROW_4 count=510036
PROFILE method=0 op=_LOAD_FAST_BORROW_5 count=252291
PROFILE method=0 op=_LOAD_FAST_BORROW_6 count=249685
PROFILE method=0 op=_LOAD_FAST_BORROW_7 count=157296
PROFILE method=0 op=_LOAD_GLOBAL_BUILTINS count=9
PROFILE method=0 op=_LOAD_GLOBAL_MODULE count=95257
PROFILE method=0 op=_LOCK_OBJECT count=899163
PROFILE method=0 op=_MAKE_HEAP_SAFE count=1183147
PROFILE method=0 op=_MAKE_WARM count=3635818
PROFILE method=0 op=_POP_TOP_FLOAT count=195162
PROFILE method=0 op=_POP_TOP_INT count=4610560
PROFILE method=0 op=_POP_TOP_NOP count=14065161
PROFILE method=0 op=_POP_TOP_OPARG count=8
PROFILE method=0 op=_PUSH_FRAME count=1597120
PROFILE method=0 op=_PUSH_TAGGED_ZERO count=26172
PROFILE method=0 op=_PY_FRAME_GENERAL count=331362
PROFILE method=0 op=_PY_FRAME_KW count=150600
PROFILE method=0 op=_RETURN_VALUE count=1610786
PROFILE method=0 op=_RROT_3 count=35280
PROFILE method=0 op=_SAVE_RETURN_OFFSET count=1597120
PROFILE method=0 op=_SPILL_OR_RELOAD count=6247998
PROFILE method=0 op=_START_EXECUTOR count=2598658
PROFILE method=0 op=_STORE_ATTR_INSTANCE_VALUE count=899163
PROFILE method=0 op=_STORE_SUBSCR_LIST_INT count=257654
PROFILE method=0 op=_SWAP_2 count=2235399
PROFILE method=0 op=_SWAP_FAST count=1233281
PROFILE method=0 op=_SWAP_FAST_1 count=290997
PROFILE method=0 op=_SWAP_FAST_2 count=2382359
PROFILE method=0 op=_SWAP_FAST_3 count=782590
PROFILE method=0 op=_SWAP_FAST_4 count=287373
PROFILE method=0 op=_SWAP_FAST_5 count=97664
PROFILE method=0 op=_SWAP_FAST_6 count=92557
PROFILE method=0 op=_SWAP_FAST_7 count=1
PROFILE method=0 op=_TIER2_RESUME_CHECK count=1782672
PROFILE method=0 op=_TO_BOOL count=13645
PROFILE method=0 op=_TO_BOOL_INT count=554084
PROFILE method=0 op=_UNPACK_SEQUENCE_TWO_TUPLE count=1325
PROFILE method=1 op=_POP_ITER count=38536
PROFILE method=1 op=_POP_TOP count=15982135
PROFILE method=1 op=_PUSH_NULL count=108985
PROFILE method=1 op=_LOAD_COMMON_CONSTANT count=1099767
PROFILE method=1 op=_TO_BOOL_BOOL count=374928
PROFILE method=1 op=_SET_IP count=40418483
PROFILE method=1 op=_BINARY_OP count=681922
PROFILE method=1 op=_BINARY_OP_EXTEND count=108985
PROFILE method=1 op=_BINARY_OP_SUBSCR_LIST_INT count=1113150
PROFILE method=1 op=_BINARY_OP_SUBTRACT_INT count=106970
PROFILE method=1 op=_CALL_BUILTIN_CLASS count=108985
PROFILE method=1 op=_CALL_LEN count=255769
PROFILE method=1 op=_CALL_LIST_APPEND count=41134
PROFILE method=1 op=_CALL_METHOD_DESCRIPTOR_FAST count=106970
PROFILE method=1 op=_CALL_METHOD_DESCRIPTOR_O count=106970
PROFILE method=1 op=_CALL_NON_PY_GENERAL count=108985
PROFILE method=1 op=_CHECK_FUNCTION_EXACT_ARGS count=223506
PROFILE method=1 op=_CHECK_FUNCTION_VERSION count=223506
PROFILE method=1 op=_CHECK_IS_NOT_PY_CALLABLE count=108985
PROFILE method=1 op=_CHECK_MANAGED_OBJECT_HAS_VALUES count=9378757
PROFILE method=1 op=_CHECK_PEP_523 count=223506
PROFILE method=1 op=_CHECK_PERIODIC count=182831
PROFILE method=1 op=_CHECK_RECURSION_LIMIT count=106970
PROFILE method=1 op=_CHECK_RECURSION_REMAINING count=223506
PROFILE method=1 op=_CHECK_STACK_SPACE count=223506
PROFILE method=1 op=_CHECK_VALIDITY count=41462069
PROFILE method=1 op=_COMPARE_OP_INT count=1684568
PROFILE method=1 op=_COPY_1 count=681922
PROFILE method=1 op=_GUARD_BINARY_OP_EXTEND count=108985
PROFILE method=1 op=_GUARD_CALLABLE_BUILTIN_CLASS count=108985
PROFILE method=1 op=_GUARD_CALLABLE_LEN count=255769
PROFILE method=1 op=_GUARD_CALLABLE_LIST_APPEND count=41134
PROFILE method=1 op=_GUARD_CALLABLE_METHOD_DESCRIPTOR_FAST count=106970
PROFILE method=1 op=_GUARD_CALLABLE_METHOD_DESCRIPTOR_O count=106970
PROFILE method=1 op=_GUARD_DORV_NO_DICT count=801778
PROFILE method=1 op=_GUARD_GLOBALS_VERSION count=364754
PROFILE method=1 op=_GUARD_ITER_VIRTUAL count=255623
PROFILE method=1 op=_GUARD_NOS_INT count=1791538
PROFILE method=1 op=_GUARD_NOS_LIST count=1602610
PROFILE method=1 op=_GUARD_NOS_NOT_NULL count=41134
PROFILE method=1 op=_GUARD_NOS_NULL count=255769
PROFILE method=1 op=_GUARD_TOS_EXACT_INT count=108985
PROFILE method=1 op=_GUARD_TOS_INT count=3139074
PROFILE method=1 op=_GUARD_TOS_OVERFLOWED count=106970
PROFILE method=1 op=_GUARD_TYPE_VERSION count=9633831
PROFILE method=1 op=_GUARD_TYPE_VERSION_LOCKED count=801778
PROFILE method=1 op=_INIT_CALL_PY_EXACT_ARGS_1 count=39814
PROFILE method=1 op=_INIT_CALL_PY_EXACT_ARGS_2 count=183692
PROFILE method=1 op=_ITER_CHECK_LIST count=437754
PROFILE method=1 op=_ITER_NEXT_LIST_TIER_TWO count=399218
PROFILE method=1 op=_LOAD_ATTR_INSTANCE_VALUE count=8111665
PROFILE method=1 op=_LOAD_ATTR_METHOD_NO_DICT count=255074
PROFILE method=1 op=_LOAD_ATTR_METHOD_WITH_VALUES count=1267092
PROFILE method=1 op=_LOAD_ATTR_MODULE count=108985
PROFILE method=1 op=_LOAD_FAST_BORROW_0 count=5225062
PROFILE method=1 op=_LOAD_FAST_BORROW_1 count=3174817
PROFILE method=1 op=_LOAD_FAST_BORROW_2 count=3602198
PROFILE method=1 op=_LOAD_FAST_BORROW_3 count=365619
PROFILE method=1 op=_LOAD_GLOBAL_BUILTINS count=364754
PROFILE method=1 op=_LOAD_GLOBAL_MODULE count=897351
PROFILE method=1 op=_LOAD_SMALL_INT_1 count=106970
PROFILE method=1 op=_LOCK_OBJECT count=801778
PROFILE method=1 op=_MAKE_HEAP_SAFE count=1547366
PROFILE method=1 op=_MAKE_WARM count=2367446
PROFILE method=1 op=_METHOD_DEOPT count=1043586
PROFILE method=1 op=_METHOD_EXIT count=1323860
PROFILE method=1 op=_METHOD_ITER_JUMP_LIST count=437754
PROFILE method=1 op=_METHOD_JUMP count=2286412
PROFILE method=1 op=_METHOD_POP_JUMP_IF_FALSE count=1387430
PROFILE method=1 op=_METHOD_POP_JUMP_IF_TRUE count=781051
PROFILE method=1 op=_POP_TOP_INT count=5253537
PROFILE method=1 op=_POP_TOP_OPARG count=215955
PROFILE method=1 op=_PUSH_FRAME count=223506
PROFILE method=1 op=_PUSH_NULL_CONDITIONAL count=9482755
PROFILE method=1 op=_PUSH_TAGGED_ZERO count=255623
PROFILE method=1 op=_RETURN_VALUE count=1547366
PROFILE method=1 op=_SAVE_RETURN_OFFSET count=223506
PROFILE method=1 op=_SPILL_OR_RELOAD count=21923473
PROFILE method=1 op=_START_EXECUTOR count=2367446
PROFILE method=1 op=_STORE_ATTR_INSTANCE_VALUE count=801778
PROFILE method=1 op=_STORE_SUBSCR_LIST_INT count=448326
PROFILE method=1 op=_SWAP_2 count=681922
PROFILE method=1 op=_SWAP_FAST_1 count=108985
PROFILE method=1 op=_SWAP_FAST_2 count=1610411
PROFILE method=1 op=_SWAP_FAST_3 count=205860
PROFILE method=1 op=_TIER2_RESUME_CHECK count=3022862
PROFILE method=1 op=_TO_BOOL_INT count=108985
COMPILE calls=15 ok=0 ns=308240
